www
shop
blog
store
mail
hostmaster
cpanel
try
webmail
get
clients
go
promo
info
dev
test
landing
lp
ideas
pages
contact
learn
join
demo
offer
hello
events
call
discover
staging
signup
drive
webdisk
offers
help
book
start
m
services
docs
welcome
campaign
new
en
autodiscover
visit
webinar
admin
marketing
ads
hearbetter
news
buy
github
app
quote
web
beta
register
client
us
apply
mx
my
email
action
de
promos
api
fr
content
explore
support
feedback
_dmarc
digital
old
www2
ppc
magento
wholesale
why
event
unbounce
es
ebook
campaigns
secure
cdn
resources
shopify
deals
home
membership
consult
newsletter
media
connect
win
products
trial
uk
static
portal
tienda
meet
online
service
page
sale
live
promotions
partners
invest
git
it
giveaway
ub
subscribe
projects
ns1
download
business
about
solutions
read
p
contest
feeds
i
courses
root
design
au
vip
specials
video
partner
hire
ca
site
pro
play
jobs
boutique
orbera
fb
careers
experience
eu
sales
doc
www1
rent
cpcontacts
ww2
shops
loja
land
forms
developer
checkout
training
find
ad
sell
order
stage
preview
guide
care
b
ns2
cpcalendars
status
servicios
magento2
booking
free-quote
free
enquire
a
use
proposals
nl
merch
wp
wordpress
unb
images
course
mta-sts
hola
qa
assets
act
see
portfolio
mobile
usa
goto
community
cloud
webinars
tickets
b2b
attorney
resume
pt
programs
prod
form
enquiry
www3
love
l
insights
enquiries
engage
special
schedule
mkt
getstarted
wiki
local
build
travel
study
manufacturer
learnmore
quotes
noticias
freequote
e
data
consultation
cn
bookings
be
academy
webmaster
files
success
lead
launch
health
gh
enroll
edu
cursos
cname
water-test
t
survey
retail
host
global
dental
auto
apps
tech
social
smile
property
leads
law
franchise
deal
cv
crm
code
c
blackfriday
summer
server
photos
hi
ftp
estimate
curso
art
tools
promocion
me
facebook
dashboard
se
quiz
kampagne
gitlab
eshop
ww
report
registro
img
homes
gallery
expertise
sg
notes
next
learn-more
jp
ask
login
loans
corporate
choose
tour
studio
s
rsvp
research
reports
remote
qualify
promotion
product
move
market
conteudo
articles
videos
postmaster
note
members
lg
in
get-a-quote
family
commercial
the
seo
investors
hk
downloads
developers
competition
canada
ar
whm
u
search
s3
referral
no
music
mortgage
lab
information
hub
gr
forum
finance
feed
create
club
ayuda
account
whitepaper
watch
ru
project
mx2
insurance
freetrial
fi
clientportal
workshops
workshop
trust
trade
testing
teste
selekt
power
offre
newsletters
houston
education
books
appointment
access
work
wedding
tumblr
tr
sandbox
relief
pl
pe
offres
legal
kids
invite
intro
g
eat
compare
cms
clientaccess
chicago
amp
zh
test1
save
resource
proxy
production
opportunities
ns4
ip
hvac
free-consultation
dk
dallas
br
blogs
audit
archive
ww1
team
realestate
promociones
prints
pm
orders
ns
_mta-sts
loan
liveat
id
hr
good
gifts
gift
gear
exclusive
direct
custom
best
your
x
wwww
solar
review
registration
recruiting
pp
origin
ns3
legacy
kontakt
ipv6
int
get-started
fastly
exchange
evento
dns
denver
covid19
contractor
cart
adv
2016
1
w
share
servicos
repair
renovation
podcast
open
novedades
ml
inquire
ig
give
gethelp
fitness
donate
diary
development
comingsoon
co
chat
catering
catalog
brand
biz
beauty
at
affiliates
affiliate
aanvraag
2018
webshop
tv
th
teamwork
stats
splash
security
roofing
request
repairs
prelaunch
platform
photo
office
mailing
lps
lp1
log
investor
free-estimate
fl
fashion
box
bbs
austin
attorneys
alpha
agents
vpn
thankyou
test2
server1
re
pub
program
mall
links
labs
kr
international
internal
inbound
guides
fun
file
evenement
ebooks
discovery
d
cdn2
cadastro
brands
actie
wwvv
wellness
tw
ssl
smart
sample
sa
reviews
results
r
pre
pop3
payment
pa
mx3
mx1
mba
mail1
list
keto
kampanje
io
insight
hey
grow
games
food
fit
features
faq
expo
experts
digitalmarketing
cp
consulta
camp
aus
atlanta
vote
ventas
updates
ubm
uae
story
stories
spa
soluciones
smtp
shopping
run
recruit
print
pop
photography
ph
pay
nz
md
maintenance
link
landingpage
inquiry
impact
idea
gt
game
express
enjoy
engineering
do-not-reply
dealers
coupon
concours
claim
christmas
cash
barcode
aws
autoconfig
analytics
ai
2
workwith
we
v2
tax
talk
seminar
rewards
reserve
ps
plans
plan
payments
paginas
pagina
now
mysql
mx01
mail2
life
lets
knowledge
journal
intl
gw
focus
expert
dentist
debtfree
credit
consulting
cm
cleaning
clean
ch
career
brochure
bankruptcy
appointments
agency
aa
2019
ww3
wvw
w3
vn
vancouver
updentity
uat
suggestions
spring
special-offer
slack
shop-us
ride
reno
rates
qetest
produtos
press
personalinjury
owa
outlook
ofertas
ny
more
mm
materiais
main
liveupdate
lists
lander
la
kb
k8s
imap
https
golf
gdpr
freeconsultation
fly
exhibition
erp
enterprise
eng
ecommerce
dyn
dr
documentation
devblog
cs
covid-19
click
claims
citrix
casestudy
builder
attend
accident
world
websites
website
v
ux
update
ui
tracker
to
tips
thanks
sydney
storage
stg
ss
sites
show
res
reg
recruitment
preorder
pos
portland
pi
orlando
on
oferta
o
mongo
mirschmecktdersommer
medicare
masterclass
lp2
learning
landings
ko
intranet
image
hs
healthcare
gymnasieval
fw
eventos
enter
docker
dnm
dl
descubra
dekable
db
corp
core
communication
collection
coffee
clientes
classes
challenge
cc
calendar
braces
bounce
bonus
azure
auth
arizona
advertising
yes
www4
wwv
words
webflow
upload
transport
top
todo
test3
template
techblog
tampa
talent
switch
style
storybook
stores
sslvpn
sign
sandiego
rpi
ro
rentnow
rentals
productsandservices
productos
portraits
parts
partenaires
ortho
official
o1
natal
moving
miami
member
medical
mdm
marketplace
magazine
ma
lifestyle
lawyer
kubernetes
jenkins
india
il
ie
ht
hp
hexo
gratis
grad
fresh
franchising
fin
featured
fast
experiences
ec
dns2
dm
dev-www
dc
cotiza
consultoria
conference
columbia
campagne
black-friday-special
billing
begin
bc
backup
audio
approvals
ambassador
amazon
adwords
admission
administrator
accelerator
abc
3
2017
women
windows
venue
venta
value
valuation
va
tx
train
toutiao
system
sv
store-us
sso
shoptest
school
scholarship
safety
resbot
refer
reach
purchase
promozioni
privacy
preprod
pr
pittsburgh
pass
party
partnerships
panel
opportunity
oportunidades
mexico
metro
mailin2
luxurysurvey
london
locations
loadtest1
listings
lapband
kurs
istanbul
invisalign
investments
inventory
inscription
injury
influencer
iam
helpdesk
group
giftcard
get-quote
ger
future
foundation
example
enrol
english
empresas
emergency
elastic
ed
doctors
dns1
diy
divorce
displays
dev2
dev1
detroit
details
deck
debt
david
covid
corsi
cool
control
contracts
conteudos
confirmation
condos
components
coach
ci
check
caring
calgary
brandexperience
bk
benefits
australia
asia
agent
ae
adventure
ab
5star
yoga
wealth
warranty
wap
vps
virtualtour
view
venezuela
velg
turkey
treatments
trading
track
tours
testshop
taste
supplies
summit
styles
studies
store-uk
stock
st
spain
smarthome
sm
sip
showcase
shoes
sellers
sc
salon
rush
response
residential
reservations
reseller
renewal
rdv
random
pwa
public
proyectos
programmes
profile
premium
plus
please
player
paint
own
okta
nursing
nodejs
nginx
myshopify
monitor
mktg
mitmachen
milton
meu
mercadeo
men
match
maps
map
magic
lnd
linkedin
library
lib
laser
js
jira
innovation
hosting
holidays
holiday
heroku
hej
healthy
he
hack
gulfnews
getinfo
get-a-free-quote
fund
france
flooring
fleet
europe
entdecke
emails
ebiznes
dropship
dream
donations
dfw
detox
customers
crypto
creative
construction
console
coaching
certification
cdn1
cbd
cb
cat
case
camps
broker
brandshop
blockchain
bio
ben
baby
angebot
alex
aica
aginginplace
ac
2020
2015
www-test
www-stage
workerscomp
with
whitepapers
villas
vault
unsubscribe
truth
trips
trending
treatment
testblog
temp
taxes
sxsw
sweepstakes
sun
subscriptions
submit
styleguide
stream
star
sports
sponsor
sp
software
sms
sl
sklep
sk
signin
sh
sf
seminars
securepage
seattle
searchportal-qa
sd
restaurants
requests
requestinfo
recipes
rebate
realtors
qr
proposal
properties
privacidade
presale
pool
pic
philadelphia
pet
personal-injury
partnership
painting
ottawa
opensource
ola
novidades
notebook
nonprofit
non-prod
nodejs-dev
newmarket
network
naples
myaccount
ms
movies
montreal
money
mockup
mcstaging
mcprod
masters
massage
mac
luxury
localhost
listen
lessonlyqetest
leasing
lb
lasik
landing1
ks-vendingtransactions
kiosk
japan
issues
isa
ireland
integrity
insta
input
industrial
index
illustration
hotsite
hot
hospitality
hockey
hippovideo
grooming
green
got
google
gold
godaddy
giftshop
garden
ga
fundraising
freedom
fortworth
formulaire
florence
extra
eur
estate
equipment
energy
el
educacion
easter
drink
domains
dj
dine
develop
dealer
dd
daftar
cveapi
curitiba
cto
creditrepair
creator
cr
contribute
contests
contacto
consumer
consultations
confirm
conferences
compliance
clubs
clothing
clientlounge
cim-dev
cim-data-quality-qa
cim-api-uat
cim-api-dev
chile
charleston
cards
cap
canvas
butik
burlington
bugs
bts
brandon
branding
boston
bohol
boekenbeurs
blog2
bespoke
bd
basic
bangkok
aussie
atl
asset
article
alumni
all
advice
admissions
accounting
abo
aaa
2013
za
youtube
yourdetails
you
wow
windsor
widget
whatsapp
weddings
waitlist
w2
vr
volunteer
tutors
ttc
trends
transfers
trainings
toolkit
texas
test-blog
tea
taller
students
student
strategy
specialreports
space
southafrica
solution
snow
slides
si
ship
sharepoint
server2
seniors
seller
seguros
seguranca
searchportal-dev
scotland
sb
sanantonio
sam
router
roadmap
rn
retirement
retire
rest
reserva
registros
refinance
radio
qa2
publishing-preview
prueba
pricing
pre-prod
prepare
posts
poll
planning
pickup
pestcontrol
pdf
pc
pantheon
pain
owners
openhouse
openday
onboard
odoo
oc
oakville
nyc
nottingham
nginx-newest
newsite
newjersey
ne
nashville
na
motorcycle
mortgages
moon
mood
mobile-rest
mini
mi
mg
merchandising-preview
mayorista
math
mark
make
mailer
logs
logistics
lite
lighting
led
lcdevprotal
latam
landing-pages
landing-page
land1
vendingtransactions
ks-program-api
ks-order-api
ks-limits-api
ks-inventory-api
kauppa
katy
juul
just
ja
its
italia
iot
intern
intake
insulation
instance1
install
inspection
ideias
ideen
hugo
hu
http
host2
hope
hongkong
hn
hd
guru
guest
ghost
genius
general
gateway
garage
gac-rds-external-readonly-preprod
gac-rds-external-readonly
funding
frog
fresno
freeoffer
forkliftsafetyday
ford
final
fest
fc
fall
fab50s
f
experimente
executive
examples
euquero
et
estimates
essentials
especial
employment
emm
emarketing
elnido
ecom
easy
dui
drupal
drawing
downtown
_domainkey
dogs
docs-test
devis
desktop
degrees
defense
decouvrir
daniel
culture
cruise
crowdfunding
craigslist
correo
coron
coolsculpting
contractors
content-funding
contacts
consul
columbus
colorado
colombia
collaborate
cmg
clinic
clearance
class
cdq-api
cdn3
catalogue
car
cambridge
california
budapest
bookstore
booknow
book-a-consultation
blue
big
beratung
basic-nodejs-dev
backoffice
backend
b2c
az
awsdashboard
aurora
apt
appt
application
apidocs
apartments
akce
advertise
accounts
accidents
abogados
abogado
zh-tw
zh-cn
yp
xmas
xingene
www-2016
www-2015
wtmjamfm
write
works
womenshealth
winter
winners
willkommen
wifi
whois
whatis
